
*** Running vivado
    with args -log top.vdi -applog -m64 -product Vivado -messageDb vivado.pb -mode batch -source top.tcl -notrace


****** Vivado v2018.2 (64-bit)
  **** SW Build 2258646 on Thu Jun 14 20:03:12 MDT 2018
  **** IP Build 2256618 on Thu Jun 14 22:10:49 MDT 2018
    ** Copyright 1986-2018 Xilinx, Inc. All Rights Reserved.

source top.tcl -notrace
Command: link_design -top top -part xc7k325tffg676-1
Design is defaulting to srcset: sources_1
Design is defaulting to constrset: constrs_1
INFO: [Netlist 29-17] Analyzing 21347 Unisim elements for replacement
INFO: [Netlist 29-28] Unisim Transformation completed in 1 CPU seconds
INFO: [Project 1-479] Netlist was created with Vivado 2018.2
INFO: [Device 21-403] Loading part xc7k325tffg676-1
INFO: [Project 1-570] Preparing netlist for logic optimization
Parsing XDC File [C:/Users/Emerson/Documents/fpga/project_kintex_miner/project_1/project_1.srcs/constrs_1/new/LED_KEY.xdc]
WARNING: [Vivado 12-584] No ports matched 'sw2'. [C:/Users/Emerson/Documents/fpga/project_kintex_miner/project_1/project_1.srcs/constrs_1/new/LED_KEY.xdc:18]
CRITICAL WARNING: [Common 17-55] 'set_property' expects at least one object. [C:/Users/Emerson/Documents/fpga/project_kintex_miner/project_1/project_1.srcs/constrs_1/new/LED_KEY.xdc:18]
Resolution: If [get_<value>] was used to populate the object, check to make sure this command returns at least one valid object.
WARNING: [Vivado 12-584] No ports matched 'sw2'. [C:/Users/Emerson/Documents/fpga/project_kintex_miner/project_1/project_1.srcs/constrs_1/new/LED_KEY.xdc:19]
CRITICAL WARNING: [Common 17-55] 'set_property' expects at least one object. [C:/Users/Emerson/Documents/fpga/project_kintex_miner/project_1/project_1.srcs/constrs_1/new/LED_KEY.xdc:19]
Resolution: If [get_<value>] was used to populate the object, check to make sure this command returns at least one valid object.
WARNING: [Vivado 12-507] No nets matched '<sys_clk>'. [C:/Users/Emerson/Documents/fpga/project_kintex_miner/project_1/project_1.srcs/constrs_1/new/LED_KEY.xdc:27]
CRITICAL WARNING: [Vivado 12-1419] Debug core 'dbg_hub' was not found. [C:/Users/Emerson/Documents/fpga/project_kintex_miner/project_1/project_1.srcs/constrs_1/new/LED_KEY.xdc:27]
Finished Parsing XDC File [C:/Users/Emerson/Documents/fpga/project_kintex_miner/project_1/project_1.srcs/constrs_1/new/LED_KEY.xdc]
INFO: [Opt 31-138] Pushed 0 inverter(s) to 0 load pin(s).
INFO: [Project 1-111] Unisim Transformation Summary:
No Unisim elements were transformed.

7 Infos, 3 Warnings, 3 Critical Warnings and 0 Errors encountered.
link_design completed successfully
link_design: Time (s): cpu = 00:00:28 ; elapsed = 00:00:30 . Memory (MB): peak = 1179.723 ; gain = 908.855
Command: opt_design
Attempting to get a license for feature 'Implementation' and/or device 'xc7k325t'
INFO: [Common 17-349] Got license for feature 'Implementation' and/or device 'xc7k325t'
Running DRC as a precondition to command opt_design

Starting DRC Task
INFO: [DRC 23-27] Running DRC with 2 threads
INFO: [Project 1-461] DRC finished with 0 Errors
INFO: [Project 1-462] Please refer to the DRC report (report_drc) for more information.

Time (s): cpu = 00:00:02 ; elapsed = 00:00:01 . Memory (MB): peak = 1179.723 ; gain = 0.000

Starting Cache Timing Information Task
INFO: [Timing 38-35] Done setting XDC timing constraints.
Ending Cache Timing Information Task | Checksum: 1a42e72a3

Time (s): cpu = 00:00:15 ; elapsed = 00:00:14 . Memory (MB): peak = 1907.867 ; gain = 727.641

Starting Logic Optimization Task

Phase 1 Retarget
INFO: [Opt 31-138] Pushed 0 inverter(s) to 0 load pin(s).
INFO: [Opt 31-49] Retargeted 0 cell(s).
Phase 1 Retarget | Checksum: 27cc6acbc

Time (s): cpu = 00:00:15 ; elapsed = 00:00:13 . Memory (MB): peak = 1907.867 ; gain = 0.000
INFO: [Opt 31-389] Phase Retarget created 0 cells and removed 0 cells

Phase 2 Constant propagation
INFO: [Opt 31-138] Pushed 0 inverter(s) to 0 load pin(s).
Phase 2 Constant propagation | Checksum: 1ef30d441

Time (s): cpu = 00:00:19 ; elapsed = 00:00:18 . Memory (MB): peak = 1907.867 ; gain = 0.000
INFO: [Opt 31-389] Phase Constant propagation created 0 cells and removed 0 cells

Phase 3 Sweep
Phase 3 Sweep | Checksum: 272128610

Time (s): cpu = 00:00:23 ; elapsed = 00:00:22 . Memory (MB): peak = 1907.867 ; gain = 0.000
INFO: [Opt 31-389] Phase Sweep created 0 cells and removed 0 cells

Phase 4 BUFG optimization
INFO: [Opt 31-129] Inserted BUFG to drive high-fanout reset|set|enable net. BUFG cell: sha1_loop[68].sha1_inst/w_mem_inst/w_mem_reg[1][0]_0_BUFG_inst, Net: sha1_loop[68].sha1_inst/w_mem_inst/w_mem_reg[1][0]_0
Phase 4 BUFG optimization | Checksum: 212f5f5da

Time (s): cpu = 00:00:29 ; elapsed = 00:00:27 . Memory (MB): peak = 1907.867 ; gain = 0.000
INFO: [Opt 31-662] Phase BUFG optimization created 1 cells of which 1 are BUFGs and removed 0 cells.

Phase 5 Shift Register Optimization
Phase 5 Shift Register Optimization | Checksum: 1d9a483b1

Time (s): cpu = 00:00:39 ; elapsed = 00:00:37 . Memory (MB): peak = 1907.867 ; gain = 0.000
INFO: [Opt 31-389] Phase Shift Register Optimization created 0 cells and removed 0 cells

Phase 6 Post Processing Netlist
Phase 6 Post Processing Netlist | Checksum: 1d9a483b1

Time (s): cpu = 00:00:40 ; elapsed = 00:00:39 . Memory (MB): peak = 1907.867 ; gain = 0.000
INFO: [Opt 31-389] Phase Post Processing Netlist created 0 cells and removed 0 cells

Starting Connectivity Check Task

Time (s): cpu = 00:00:01 ; elapsed = 00:00:00.839 . Memory (MB): peak = 1907.867 ; gain = 0.000
Ending Logic Optimization Task | Checksum: 1d9a483b1

Time (s): cpu = 00:00:42 ; elapsed = 00:00:40 . Memory (MB): peak = 1907.867 ; gain = 0.000

Starting Power Optimization Task
INFO: [Pwropt 34-132] Skipping clock gating for clocks with a period < 2.00 ns.
Ending Power Optimization Task | Checksum: 1d9a483b1

Time (s): cpu = 00:00:01 ; elapsed = 00:00:00.326 . Memory (MB): peak = 1907.867 ; gain = 0.000

Starting Final Cleanup Task
Ending Final Cleanup Task | Checksum: 1d9a483b1

Time (s): cpu = 00:00:00 ; elapsed = 00:00:00 . Memory (MB): peak = 1907.867 ; gain = 0.000
INFO: [Common 17-83] Releasing license: Implementation
24 Infos, 3 Warnings, 3 Critical Warnings and 0 Errors encountered.
opt_design completed successfully
opt_design: Time (s): cpu = 00:01:00 ; elapsed = 00:00:59 . Memory (MB): peak = 1907.867 ; gain = 728.145
INFO: [Timing 38-480] Writing timing data to binary archive.
Writing placer database...
Writing XDEF routing.
Writing XDEF routing logical nets.
Writing XDEF routing special nets.
Write XDEF Complete: Time (s): cpu = 00:00:00 ; elapsed = 00:00:00.017 . Memory (MB): peak = 1907.867 ; gain = 0.000
INFO: [Common 17-1381] The checkpoint 'C:/Users/Emerson/Documents/fpga/project_kintex_miner/project_1/project_1.runs/impl_1/top_opt.dcp' has been generated.
write_checkpoint: Time (s): cpu = 00:00:26 ; elapsed = 00:00:20 . Memory (MB): peak = 1907.867 ; gain = 0.000
INFO: [runtcl-4] Executing : report_drc -file top_drc_opted.rpt -pb top_drc_opted.pb -rpx top_drc_opted.rpx
Command: report_drc -file top_drc_opted.rpt -pb top_drc_opted.pb -rpx top_drc_opted.rpx
INFO: [IP_Flow 19-234] Refreshing IP repositories
INFO: [IP_Flow 19-1704] No user IP repositories specified
INFO: [IP_Flow 19-2313] Loaded Vivado IP repository 'C:/Xilinx/Vivado/2018.2/data/ip'.
INFO: [DRC 23-27] Running DRC with 2 threads
INFO: [Coretcl 2-168] The results of DRC are in file C:/Users/Emerson/Documents/fpga/project_kintex_miner/project_1/project_1.runs/impl_1/top_drc_opted.rpt.
report_drc completed successfully
report_drc: Time (s): cpu = 00:00:31 ; elapsed = 00:00:20 . Memory (MB): peak = 1907.867 ; gain = 0.000
Command: place_design
Attempting to get a license for feature 'Implementation' and/or device 'xc7k325t'
INFO: [Common 17-349] Got license for feature 'Implementation' and/or device 'xc7k325t'
INFO: [DRC 23-27] Running DRC with 2 threads
INFO: [Vivado_Tcl 4-198] DRC finished with 0 Errors
INFO: [Vivado_Tcl 4-199] Please refer to the DRC report (report_drc) for more information.
Running DRC as a precondition to command place_design
INFO: [DRC 23-27] Running DRC with 2 threads
INFO: [Vivado_Tcl 4-198] DRC finished with 0 Errors
INFO: [Vivado_Tcl 4-199] Please refer to the DRC report (report_drc) for more information.

Starting Placer Task
INFO: [Place 30-611] Multithreading enabled for place_design using a maximum of 2 CPUs

Phase 1 Placer Initialization

Phase 1.1 Placer Initialization Netlist Sorting
Netlist sorting complete. Time (s): cpu = 00:00:00 ; elapsed = 00:00:00.537 . Memory (MB): peak = 1907.867 ; gain = 0.000
Phase 1.1 Placer Initialization Netlist Sorting | Checksum: 1838f9726

Time (s): cpu = 00:00:01 ; elapsed = 00:00:00.605 . Memory (MB): peak = 1907.867 ; gain = 0.000
Netlist sorting complete. Time (s): cpu = 00:00:00 ; elapsed = 00:00:00.451 . Memory (MB): peak = 1907.867 ; gain = 0.000

Phase 1.2 IO Placement/ Clock Placement/ Build Placer Device
INFO: [Timing 38-35] Done setting XDC timing constraints.
Phase 1.2 IO Placement/ Clock Placement/ Build Placer Device | Checksum: 1c1a1a251

Time (s): cpu = 00:00:47 ; elapsed = 00:00:36 . Memory (MB): peak = 2056.613 ; gain = 148.746

Phase 1.3 Build Placer Netlist Model
Phase 1.3 Build Placer Netlist Model | Checksum: 2653bd209

Time (s): cpu = 00:00:55 ; elapsed = 00:00:44 . Memory (MB): peak = 2199.375 ; gain = 291.508

Phase 1.4 Constrain Clocks/Macros
Phase 1.4 Constrain Clocks/Macros | Checksum: 2653bd209

Time (s): cpu = 00:00:56 ; elapsed = 00:00:45 . Memory (MB): peak = 2199.375 ; gain = 291.508
Phase 1 Placer Initialization | Checksum: 2653bd209

Time (s): cpu = 00:00:56 ; elapsed = 00:00:45 . Memory (MB): peak = 2199.375 ; gain = 291.508

Phase 2 Global Placement

Phase 2.1 Floorplanning
Phase 2.1 Floorplanning | Checksum: 2653bd209

Time (s): cpu = 00:00:57 ; elapsed = 00:00:46 . Memory (MB): peak = 2222.285 ; gain = 314.418
WARNING: [Place 46-29] place_design is not in timing mode. Skip physical synthesis in placer
Phase 2 Global Placement | Checksum: 20d093ab2

Time (s): cpu = 00:03:02 ; elapsed = 00:02:15 . Memory (MB): peak = 2407.281 ; gain = 499.414

Phase 3 Detail Placement

Phase 3.1 Commit Multi Column Macros
Phase 3.1 Commit Multi Column Macros | Checksum: 20d093ab2

Time (s): cpu = 00:03:04 ; elapsed = 00:02:17 . Memory (MB): peak = 2407.281 ; gain = 499.414

Phase 3.2 Commit Most Macros & LUTRAMs
Phase 3.2 Commit Most Macros & LUTRAMs | Checksum: 24f036759

Time (s): cpu = 00:03:15 ; elapsed = 00:02:31 . Memory (MB): peak = 2407.281 ; gain = 499.414

Phase 3.3 Area Swap Optimization
Phase 3.3 Area Swap Optimization | Checksum: 1d017de20

Time (s): cpu = 00:03:18 ; elapsed = 00:02:33 . Memory (MB): peak = 2407.281 ; gain = 499.414

Phase 3.4 Pipeline Register Optimization
Phase 3.4 Pipeline Register Optimization | Checksum: 1d017de20

Time (s): cpu = 00:03:19 ; elapsed = 00:02:34 . Memory (MB): peak = 2407.281 ; gain = 499.414

Phase 3.5 Small Shape Detail Placement
Phase 3.5 Small Shape Detail Placement | Checksum: 23727f9a3

Time (s): cpu = 00:04:39 ; elapsed = 00:04:14 . Memory (MB): peak = 2543.902 ; gain = 636.035

Phase 3.6 Re-assign LUT pins
Phase 3.6 Re-assign LUT pins | Checksum: 23727f9a3

Time (s): cpu = 00:05:00 ; elapsed = 00:04:41 . Memory (MB): peak = 2543.902 ; gain = 636.035

Phase 3.7 Pipeline Register Optimization
Phase 3.7 Pipeline Register Optimization | Checksum: 23727f9a3

Time (s): cpu = 00:05:02 ; elapsed = 00:04:43 . Memory (MB): peak = 2543.902 ; gain = 636.035
Phase 3 Detail Placement | Checksum: 23727f9a3

Time (s): cpu = 00:05:04 ; elapsed = 00:04:45 . Memory (MB): peak = 2543.902 ; gain = 636.035

Phase 4 Post Placement Optimization and Clean-Up

Phase 4.1 Post Commit Optimization
Phase 4.1 Post Commit Optimization | Checksum: 23727f9a3

Time (s): cpu = 00:05:07 ; elapsed = 00:04:48 . Memory (MB): peak = 2543.902 ; gain = 636.035

Phase 4.2 Post Placement Cleanup
Phase 4.2 Post Placement Cleanup | Checksum: 23727f9a3

Time (s): cpu = 00:05:11 ; elapsed = 00:04:51 . Memory (MB): peak = 2543.902 ; gain = 636.035

Phase 4.3 Placer Reporting
Phase 4.3 Placer Reporting | Checksum: 23727f9a3

Time (s): cpu = 00:05:13 ; elapsed = 00:04:53 . Memory (MB): peak = 2543.902 ; gain = 636.035

Phase 4.4 Final Placement Cleanup
Phase 4.4 Final Placement Cleanup | Checksum: 202de0a1f

Time (s): cpu = 00:05:15 ; elapsed = 00:04:55 . Memory (MB): peak = 2543.902 ; gain = 636.035
Phase 4 Post Placement Optimization and Clean-Up | Checksum: 202de0a1f

Time (s): cpu = 00:05:17 ; elapsed = 00:04:57 . Memory (MB): peak = 2543.902 ; gain = 636.035
Ending Placer Task | Checksum: 1ad1b892f

Time (s): cpu = 00:05:17 ; elapsed = 00:04:57 . Memory (MB): peak = 2543.902 ; gain = 636.035
INFO: [Common 17-83] Releasing license: Implementation
42 Infos, 4 Warnings, 3 Critical Warnings and 0 Errors encountered.
place_design completed successfully
place_design: Time (s): cpu = 00:05:36 ; elapsed = 00:05:14 . Memory (MB): peak = 2543.902 ; gain = 636.035
INFO: [Timing 38-480] Writing timing data to binary archive.
Writing placer database...
Writing XDEF routing.
Writing XDEF routing logical nets.
Writing XDEF routing special nets.
Write XDEF Complete: Time (s): cpu = 00:00:57 ; elapsed = 00:00:23 . Memory (MB): peak = 2543.902 ; gain = 0.000
INFO: [Common 17-1381] The checkpoint 'C:/Users/Emerson/Documents/fpga/project_kintex_miner/project_1/project_1.runs/impl_1/top_placed.dcp' has been generated.
write_checkpoint: Time (s): cpu = 00:01:16 ; elapsed = 00:00:44 . Memory (MB): peak = 2543.902 ; gain = 0.000
INFO: [runtcl-4] Executing : report_io -file top_io_placed.rpt
report_io: Time (s): cpu = 00:00:00 ; elapsed = 00:00:00.111 . Memory (MB): peak = 2543.902 ; gain = 0.000
INFO: [runtcl-4] Executing : report_utilization -file top_utilization_placed.rpt -pb top_utilization_placed.pb
report_utilization: Time (s): cpu = 00:00:03 ; elapsed = 00:00:03 . Memory (MB): peak = 2543.902 ; gain = 0.000
INFO: [runtcl-4] Executing : report_control_sets -verbose -file top_control_sets_placed.rpt
report_control_sets: Time (s): cpu = 00:00:01 ; elapsed = 00:00:00.823 . Memory (MB): peak = 2543.902 ; gain = 0.000
Command: route_design
Attempting to get a license for feature 'Implementation' and/or device 'xc7k325t'
INFO: [Common 17-349] Got license for feature 'Implementation' and/or device 'xc7k325t'
Running DRC as a precondition to command route_design
INFO: [DRC 23-27] Running DRC with 2 threads
INFO: [Vivado_Tcl 4-198] DRC finished with 0 Errors
INFO: [Vivado_Tcl 4-199] Please refer to the DRC report (report_drc) for more information.


Starting Routing Task
INFO: [Route 35-254] Multithreading enabled for route_design using a maximum of 2 CPUs
Checksum: PlaceDB: f2902148 ConstDB: 0 ShapeSum: ba8b67e7 RouteDB: 0

Phase 1 Build RT Design
Phase 1 Build RT Design | Checksum: 1bd117f8a

Time (s): cpu = 00:01:45 ; elapsed = 00:01:08 . Memory (MB): peak = 2967.309 ; gain = 64.461
Post Restoration Checksum: NetGraph: d6bf2b2c NumContArr: e652545e Constraints: 0 Timing: 0

Phase 2 Router Initialization
INFO: [Route 35-64] No timing constraints were detected. The router will operate in resource-optimization mode.

Phase 2.1 Fix Topology Constraints
Phase 2.1 Fix Topology Constraints | Checksum: 1bd117f8a

Time (s): cpu = 00:01:54 ; elapsed = 00:01:17 . Memory (MB): peak = 2976.172 ; gain = 73.324

Phase 2.2 Pre Route Cleanup
Phase 2.2 Pre Route Cleanup | Checksum: 1bd117f8a

Time (s): cpu = 00:01:55 ; elapsed = 00:01:18 . Memory (MB): peak = 2976.172 ; gain = 73.324
 Number of Nodes with overlaps = 0
Phase 2 Router Initialization | Checksum: 103afe0f3

Time (s): cpu = 00:02:00 ; elapsed = 00:01:23 . Memory (MB): peak = 3083.316 ; gain = 180.469

Phase 3 Initial Routing
