#-----------------------------------------------------------
# Vivado v2018.2 (64-bit)
# SW Build 2258646 on Thu Jun 14 20:03:12 MDT 2018
# IP Build 2256618 on Thu Jun 14 22:10:49 MDT 2018
# Start of session at: Fri May 15 16:08:39 2026
# Process ID: 12828
# Current directory: C:/Users/Emerson/Documents/fpga/project_kintex_miner/project_1
# Command line: vivado.exe -gui_launcher_event rodinguilauncherevent12456 C:\Users\Emerson\Documents\fpga\project_kintex_miner\project_1\project_1.xpr
# Log file: C:/Users/Emerson/Documents/fpga/project_kintex_miner/project_1/vivado.log
# Journal file: C:/Users/Emerson/Documents/fpga/project_kintex_miner/project_1\vivado.jou
#-----------------------------------------------------------
start_gui
open_project C:/Users/Emerson/Documents/fpga/project_kintex_miner/project_1/project_1.xpr
INFO: [Project 1-313] Project file moved from 'C:/Users/Emerson/Documents/fpga/Test01_led_key/project_1' since last save.
Scanning sources...
Finished scanning sources
INFO: [IP_Flow 19-234] Refreshing IP repositories
INFO: [IP_Flow 19-1704] No user IP repositories specified
INFO: [IP_Flow 19-2313] Loaded Vivado IP repository 'C:/Xilinx/Vivado/2018.2/data/ip'.
update_compile_order -fileset sources_1
add_files -norecurse {C:/Users/Emerson/Documents/fpga/project_kintex_miner/project_1/project_1.srcs/sources_1/nonce_bcd_simple.v C:/Users/Emerson/Documents/fpga/project_kintex_miner/project_1/project_1.srcs/sources_1/uart_rx.v C:/Users/Emerson/Documents/fpga/project_kintex_miner/project_1/project_1.srcs/sources_1/uart_tx.v C:/Users/Emerson/Documents/fpga/project_kintex_miner/project_1/project_1.srcs/sources_1/sha1_core.v C:/Users/Emerson/Documents/fpga/project_kintex_miner/project_1/project_1.srcs/sources_1/top.v C:/Users/Emerson/Documents/fpga/project_kintex_miner/project_1/project_1.srcs/sources_1/sha1_w_mem.v}
update_compile_order -fileset sources_1
open_hw
connect_hw_server
INFO: [Labtools 27-2285] Connecting to hw_server url TCP:localhost:3121
INFO: [Labtools 27-2222] Launching hw_server...
INFO: [Labtools 27-2221] Launch Output:

****** Xilinx hw_server v2018.2
  **** Build date : Jun 14 2018-20:42:52
    ** Copyright 1986-2018 Xilinx, Inc. All Rights Reserved.


open_hw_target -xvc_url localhost:2542
INFO: [Labtools 27-2285] Connecting to hw_server url TCP:localhost:3121
INFO: [Labtoolstcl 44-466] Opening hw_target localhost:3121/xilinx_tcf/Xilinx/localhost:2542
reset_run synth_1
launch_runs impl_1 -to_step write_bitstream -jobs 8
[Fri May 15 16:17:51 2026] Launched synth_1...
Run output will be captured here: C:/Users/Emerson/Documents/fpga/project_kintex_miner/project_1/project_1.runs/synth_1/runme.log
[Fri May 15 16:17:51 2026] Launched impl_1...
Run output will be captured here: C:/Users/Emerson/Documents/fpga/project_kintex_miner/project_1/project_1.runs/impl_1/runme.log
reset_run synth_1
launch_runs impl_1 -to_step write_bitstream -jobs 8
[Fri May 15 16:27:15 2026] Launched synth_1...
Run output will be captured here: C:/Users/Emerson/Documents/fpga/project_kintex_miner/project_1/project_1.runs/synth_1/runme.log
[Fri May 15 16:27:15 2026] Launched impl_1...
Run output will be captured here: C:/Users/Emerson/Documents/fpga/project_kintex_miner/project_1/project_1.runs/impl_1/runme.log
reset_run synth_1
launch_runs impl_1 -to_step write_bitstream -jobs 8
[Fri May 15 16:32:33 2026] Launched synth_1...
Run output will be captured here: C:/Users/Emerson/Documents/fpga/project_kintex_miner/project_1/project_1.runs/synth_1/runme.log
[Fri May 15 16:32:33 2026] Launched impl_1...
Run output will be captured here: C:/Users/Emerson/Documents/fpga/project_kintex_miner/project_1/project_1.runs/impl_1/runme.log
reset_run impl_1 -prev_step 
launch_runs impl_1 -to_step write_bitstream -jobs 8
[Fri May 15 16:37:50 2026] Launched impl_1...
Run output will be captured here: C:/Users/Emerson/Documents/fpga/project_kintex_miner/project_1/project_1.runs/impl_1/runme.log
set_property PROBES.FILE {} [get_hw_devices xc7k325t_0]
set_property FULL_PROBES.FILE {} [get_hw_devices xc7k325t_0]
set_property PROGRAM.FILE {C:/Users/Emerson/Documents/fpga/project_kintex_miner/project_1/project_1.runs/impl_1/top.bit} [get_hw_devices xc7k325t_0]
program_hw_devices [get_hw_devices xc7k325t_0]
INFO: [Labtools 27-3164] End of startup status: HIGH
program_hw_devices: Time (s): cpu = 00:01:23 ; elapsed = 00:01:25 . Memory (MB): peak = 1589.922 ; gain = 0.000
refresh_hw_device [lindex [get_hw_devices xc7k325t_0] 0]
INFO: [Labtools 27-1434] Device xc7k325t (JTAG device index = 0) is programmed with a design that has no supported debug core(s) in it.
WARNING: [Labtools 27-3361] The debug hub core was not detected.
Resolution: 
1. Make sure the clock connected to the debug hub (dbg_hub) core is a free running clock and is active.
2. Make sure the BSCAN_SWITCH_USER_MASK device property in Vivado Hardware Manager reflects the user scan chain setting in the design and refresh the device.  To determine the user scan chain setting in the design, open the implemented design and use 'get_property C_USER_SCAN_CHAIN [get_debug_cores dbg_hub]'.
For more details on setting the scan chain property, consult the Vivado Debug and Programming User Guide (UG908).
create_hw_cfgmem -hw_device [lindex [get_hw_devices] 0] -mem_dev [lindex [get_cfgmem_parts {s25fl256l-spi-x1_x2_x4}] 0]
WARNING: [Labtoolstcl 44-349] No config mems found
ERROR: [Labtools 27-2284] Part name cannot be empty
reset_run synth_1
launch_runs impl_1 -to_step write_bitstream -jobs 8
[Fri May 15 16:42:41 2026] Launched synth_1...
Run output will be captured here: C:/Users/Emerson/Documents/fpga/project_kintex_miner/project_1/project_1.runs/synth_1/runme.log
[Fri May 15 16:42:41 2026] Launched impl_1...
Run output will be captured here: C:/Users/Emerson/Documents/fpga/project_kintex_miner/project_1/project_1.runs/impl_1/runme.log
open_run impl_1
INFO: [Netlist 29-17] Analyzing 2187 Unisim elements for replacement
INFO: [Netlist 29-28] Unisim Transformation completed in 0 CPU seconds
INFO: [Project 1-479] Netlist was created with Vivado 2018.2
INFO: [Device 21-403] Loading part xc7k325tffg676-1
INFO: [Project 1-570] Preparing netlist for logic optimization
INFO: [Timing 38-478] Restoring timing data from binary archive.
INFO: [Timing 38-479] Binary timing data restore complete.
INFO: [Project 1-856] Restoring constraints from binary archive.
INFO: [Project 1-853] Binary constraint restore complete.
Reading XDEF placement.
Reading placer database...
Reading XDEF routing.
Read XDEF File: Time (s): cpu = 00:00:01 ; elapsed = 00:00:01 . Memory (MB): peak = 2621.848 ; gain = 8.430
Restored from archive | CPU: 1.000000 secs | Memory: 0.000000 MB |
Finished XDEF File Restore: Time (s): cpu = 00:00:01 ; elapsed = 00:00:01 . Memory (MB): peak = 2621.848 ; gain = 8.430
INFO: [Project 1-111] Unisim Transformation Summary:
No Unisim elements were transformed.

open_run: Time (s): cpu = 00:00:24 ; elapsed = 00:00:22 . Memory (MB): peak = 2718.602 ; gain = 1124.379
WARNING: [Timing 38-313] There are no user specified timing constraints. Timing constraints are needed for proper timing analysis.
report_utilization -name utilization_1
report_utilization: Time (s): cpu = 00:00:05 ; elapsed = 00:00:03 . Memory (MB): peak = 2936.676 ; gain = 0.000
set_property PROBES.FILE {} [get_hw_devices xc7k325t_0]
set_property FULL_PROBES.FILE {} [get_hw_devices xc7k325t_0]
set_property PROGRAM.FILE {C:/Users/Emerson/Documents/fpga/project_kintex_miner/project_1/project_1.runs/impl_1/top.bit} [get_hw_devices xc7k325t_0]
program_hw_devices [get_hw_devices xc7k325t_0]
INFO: [Labtools 27-3164] End of startup status: HIGH
program_hw_devices: Time (s): cpu = 00:01:22 ; elapsed = 00:01:24 . Memory (MB): peak = 2936.676 ; gain = 0.000
refresh_hw_device [lindex [get_hw_devices xc7k325t_0] 0]
INFO: [Labtools 27-1434] Device xc7k325t (JTAG device index = 0) is programmed with a design that has no supported debug core(s) in it.
WARNING: [Labtools 27-3361] The debug hub core was not detected.
Resolution: 
1. Make sure the clock connected to the debug hub (dbg_hub) core is a free running clock and is active.
2. Make sure the BSCAN_SWITCH_USER_MASK device property in Vivado Hardware Manager reflects the user scan chain setting in the design and refresh the device.  To determine the user scan chain setting in the design, open the implemented design and use 'get_property C_USER_SCAN_CHAIN [get_debug_cores dbg_hub]'.
For more details on setting the scan chain property, consult the Vivado Debug and Programming User Guide (UG908).
create_hw_cfgmem -hw_device [lindex [get_hw_devices] 0] -mem_dev [lindex [get_cfgmem_parts {s25fl256l-spi-x1_x2_x4}] 0]
WARNING: [Labtoolstcl 44-349] No config mems found
ERROR: [Labtools 27-2284] Part name cannot be empty
reset_run synth_1
launch_runs impl_1 -to_step write_bitstream -jobs 8
[Fri May 15 16:53:25 2026] Launched synth_1...
Run output will be captured here: C:/Users/Emerson/Documents/fpga/project_kintex_miner/project_1/project_1.runs/synth_1/runme.log
[Fri May 15 16:53:26 2026] Launched impl_1...
Run output will be captured here: C:/Users/Emerson/Documents/fpga/project_kintex_miner/project_1/project_1.runs/impl_1/runme.log
reset_run impl_1
reset_run synth_1
launch_runs impl_1 -to_step write_bitstream -jobs 8
[Fri May 15 16:57:05 2026] Launched synth_1...
Run output will be captured here: C:/Users/Emerson/Documents/fpga/project_kintex_miner/project_1/project_1.runs/synth_1/runme.log
[Fri May 15 16:57:05 2026] Launched impl_1...
Run output will be captured here: C:/Users/Emerson/Documents/fpga/project_kintex_miner/project_1/project_1.runs/impl_1/runme.log
set_property PROBES.FILE {} [get_hw_devices xc7k325t_0]
set_property FULL_PROBES.FILE {} [get_hw_devices xc7k325t_0]
set_property PROGRAM.FILE {C:/Users/Emerson/Documents/fpga/project_kintex_miner/project_1/project_1.runs/impl_1/top.bit} [get_hw_devices xc7k325t_0]
program_hw_devices [get_hw_devices xc7k325t_0]
INFO: [Labtools 27-3164] End of startup status: HIGH
program_hw_devices: Time (s): cpu = 00:01:05 ; elapsed = 00:01:07 . Memory (MB): peak = 2936.676 ; gain = 0.000
refresh_hw_device [lindex [get_hw_devices xc7k325t_0] 0]
INFO: [Labtools 27-1434] Device xc7k325t (JTAG device index = 0) is programmed with a design that has no supported debug core(s) in it.
WARNING: [Labtools 27-3361] The debug hub core was not detected.
Resolution: 
1. Make sure the clock connected to the debug hub (dbg_hub) core is a free running clock and is active.
2. Make sure the BSCAN_SWITCH_USER_MASK device property in Vivado Hardware Manager reflects the user scan chain setting in the design and refresh the device.  To determine the user scan chain setting in the design, open the implemented design and use 'get_property C_USER_SCAN_CHAIN [get_debug_cores dbg_hub]'.
For more details on setting the scan chain property, consult the Vivado Debug and Programming User Guide (UG908).
create_hw_cfgmem -hw_device [lindex [get_hw_devices] 0] -mem_dev [lindex [get_cfgmem_parts {s25fl256l-spi-x1_x2_x4}] 0]
WARNING: [Labtoolstcl 44-349] No config mems found
ERROR: [Labtools 27-2284] Part name cannot be empty
close_design
open_run impl_1
INFO: [Netlist 29-17] Analyzing 3343 Unisim elements for replacement
INFO: [Netlist 29-28] Unisim Transformation completed in 0 CPU seconds
INFO: [Project 1-479] Netlist was created with Vivado 2018.2
INFO: [Project 1-570] Preparing netlist for logic optimization
INFO: [Timing 38-478] Restoring timing data from binary archive.
INFO: [Timing 38-479] Binary timing data restore complete.
INFO: [Project 1-856] Restoring constraints from binary archive.
INFO: [Project 1-853] Binary constraint restore complete.
Reading XDEF placement.
Reading placer database...
Reading XDEF routing.
Read XDEF File: Time (s): cpu = 00:00:02 ; elapsed = 00:00:02 . Memory (MB): peak = 2945.930 ; gain = 9.254
Restored from archive | CPU: 2.000000 secs | Memory: 0.000000 MB |
Finished XDEF File Restore: Time (s): cpu = 00:00:02 ; elapsed = 00:00:02 . Memory (MB): peak = 2945.930 ; gain = 9.254
INFO: [Project 1-111] Unisim Transformation Summary:
No Unisim elements were transformed.

open_run: Time (s): cpu = 00:00:08 ; elapsed = 00:00:06 . Memory (MB): peak = 3013.188 ; gain = 76.512
WARNING: [Timing 38-313] There are no user specified timing constraints. Timing constraints are needed for proper timing analysis.
report_utilization -name utilization_1
report_utilization: Time (s): cpu = 00:00:05 ; elapsed = 00:00:03 . Memory (MB): peak = 3112.742 ; gain = 6.250
close_design
reset_run synth_1
launch_runs impl_1 -to_step write_bitstream -jobs 8
[Fri May 15 17:17:26 2026] Launched synth_1...
Run output will be captured here: C:/Users/Emerson/Documents/fpga/project_kintex_miner/project_1/project_1.runs/synth_1/runme.log
[Fri May 15 17:17:26 2026] Launched impl_1...
Run output will be captured here: C:/Users/Emerson/Documents/fpga/project_kintex_miner/project_1/project_1.runs/impl_1/runme.log
reset_run impl_1
reset_run synth_1
launch_runs impl_1 -to_step write_bitstream -jobs 8
[Fri May 15 17:28:40 2026] Launched synth_1...
Run output will be captured here: C:/Users/Emerson/Documents/fpga/project_kintex_miner/project_1/project_1.runs/synth_1/runme.log
[Fri May 15 17:28:40 2026] Launched impl_1...
Run output will be captured here: C:/Users/Emerson/Documents/fpga/project_kintex_miner/project_1/project_1.runs/impl_1/runme.log
set_property PROBES.FILE {} [get_hw_devices xc7k325t_0]
set_property FULL_PROBES.FILE {} [get_hw_devices xc7k325t_0]
set_property PROGRAM.FILE {C:/Users/Emerson/Documents/fpga/project_kintex_miner/project_1/project_1.runs/impl_1/top.bit} [get_hw_devices xc7k325t_0]
program_hw_devices [get_hw_devices xc7k325t_0]
INFO: [Labtools 27-3164] End of startup status: HIGH
program_hw_devices: Time (s): cpu = 00:01:22 ; elapsed = 00:01:23 . Memory (MB): peak = 3112.832 ; gain = 0.000
refresh_hw_device [lindex [get_hw_devices xc7k325t_0] 0]
INFO: [Labtools 27-1434] Device xc7k325t (JTAG device index = 0) is programmed with a design that has no supported debug core(s) in it.
WARNING: [Labtools 27-3361] The debug hub core was not detected.
Resolution: 
1. Make sure the clock connected to the debug hub (dbg_hub) core is a free running clock and is active.
2. Make sure the BSCAN_SWITCH_USER_MASK device property in Vivado Hardware Manager reflects the user scan chain setting in the design and refresh the device.  To determine the user scan chain setting in the design, open the implemented design and use 'get_property C_USER_SCAN_CHAIN [get_debug_cores dbg_hub]'.
For more details on setting the scan chain property, consult the Vivado Debug and Programming User Guide (UG908).
create_hw_cfgmem -hw_device [lindex [get_hw_devices] 0] -mem_dev [lindex [get_cfgmem_parts {s25fl256l-spi-x1_x2_x4}] 0]
WARNING: [Labtoolstcl 44-349] No config mems found
ERROR: [Labtools 27-2284] Part name cannot be empty
open_run impl_1
INFO: [Netlist 29-17] Analyzing 14124 Unisim elements for replacement
INFO: [Netlist 29-28] Unisim Transformation completed in 0 CPU seconds
INFO: [Project 1-479] Netlist was created with Vivado 2018.2
INFO: [Project 1-570] Preparing netlist for logic optimization
INFO: [Timing 38-478] Restoring timing data from binary archive.
INFO: [Timing 38-479] Binary timing data restore complete.
INFO: [Project 1-856] Restoring constraints from binary archive.
INFO: [Project 1-853] Binary constraint restore complete.
Reading XDEF placement.
Reading placer database...
Reading XDEF routing.
Read XDEF File: Time (s): cpu = 00:00:08 ; elapsed = 00:00:08 . Memory (MB): peak = 3594.539 ; gain = 118.129
Restored from archive | CPU: 8.000000 secs | Memory: 0.000000 MB |
Finished XDEF File Restore: Time (s): cpu = 00:00:08 ; elapsed = 00:00:08 . Memory (MB): peak = 3594.539 ; gain = 118.129
INFO: [Project 1-111] Unisim Transformation Summary:
No Unisim elements were transformed.

open_run: Time (s): cpu = 00:00:26 ; elapsed = 00:00:23 . Memory (MB): peak = 3617.285 ; gain = 504.453
WARNING: [Timing 38-313] There are no user specified timing constraints. Timing constraints are needed for proper timing analysis.
report_utilization -name utilization_1
report_utilization: Time (s): cpu = 00:00:29 ; elapsed = 00:00:11 . Memory (MB): peak = 3984.469 ; gain = 169.840
report_utilization: Time (s): cpu = 00:00:29 ; elapsed = 00:00:11 . Memory (MB): peak = 3984.469 ; gain = 169.840
exit
INFO: [Common 17-206] Exiting Vivado at Fri May 15 18:00:32 2026...
