#-----------------------------------------------------------
# Vivado v2018.2 (64-bit)
# SW Build 2258646 on Thu Jun 14 20:03:12 MDT 2018
# IP Build 2256618 on Thu Jun 14 22:10:49 MDT 2018
# Start of session at: Fri May 15 19:23:33 2026
# Process ID: 11932
# Current directory: C:/Users/Emerson/Documents/fpga/project_kintex_miner/project_1
# Command line: vivado.exe -gui_launcher_event rodinguilauncherevent14120 C:\Users\Emerson\Documents\fpga\project_kintex_miner\project_1\project_1.xpr
# Log file: C:/Users/Emerson/Documents/fpga/project_kintex_miner/project_1/vivado.log
# Journal file: C:/Users/Emerson/Documents/fpga/project_kintex_miner/project_1\vivado.jou
#-----------------------------------------------------------
start_gui
open_project C:/Users/Emerson/Documents/fpga/project_kintex_miner/project_1/project_1.xpr
CRITICAL WARNING: [Project 1-19] Could not find the file 'C:/Users/Emerson/Documents/fpga/project_kintex_miner/project_1/project_1.srcs/sources_1/imports/Test01_led_key/led_top.v'.
Scanning sources...
Finished scanning sources
INFO: [IP_Flow 19-234] Refreshing IP repositories
INFO: [IP_Flow 19-1704] No user IP repositories specified
INFO: [IP_Flow 19-2313] Loaded Vivado IP repository 'C:/Xilinx/Vivado/2018.2/data/ip'.
open_project: Time (s): cpu = 00:00:10 ; elapsed = 00:00:07 . Memory (MB): peak = 910.797 ; gain = 171.227
update_compile_order -fileset sources_1
export_ip_user_files -of_objects  [get_files C:/Users/Emerson/Documents/fpga/project_kintex_miner/project_1/project_1.srcs/sources_1/imports/Test01_led_key/led_top.v] -no_script -reset -force -quiet
remove_files  C:/Users/Emerson/Documents/fpga/project_kintex_miner/project_1/project_1.srcs/sources_1/imports/Test01_led_key/led_top.v
reset_run synth_1
launch_runs impl_1 -to_step write_bitstream -jobs 8
[Fri May 15 20:03:02 2026] Launched synth_1...
Run output will be captured here: C:/Users/Emerson/Documents/fpga/project_kintex_miner/project_1/project_1.runs/synth_1/runme.log
[Fri May 15 20:03:02 2026] Launched impl_1...
Run output will be captured here: C:/Users/Emerson/Documents/fpga/project_kintex_miner/project_1/project_1.runs/impl_1/runme.log
open_hw
connect_hw_server
INFO: [Labtools 27-2285] Connecting to hw_server url TCP:localhost:3121
INFO: [Labtools 27-2222] Launching hw_server...
INFO: [Labtools 27-2221] Launch Output:

****** Xilinx hw_server v2018.2
  **** Build date : Jun 14 2018-20:42:52
    ** Copyright 1986-2018 Xilinx, Inc. All Rights Reserved.


disconnect_hw_server localhost:3121
connect_hw_server
INFO: [Labtools 27-2285] Connecting to hw_server url TCP:localhost:3121
open_hw_target -xvc_url localhost:2542
INFO: [Labtools 27-2285] Connecting to hw_server url TCP:localhost:3121
INFO: [Labtoolstcl 44-466] Opening hw_target localhost:3121/xilinx_tcf/Xilinx/localhost:2542
set_property PROBES.FILE {} [get_hw_devices xc7k325t_0]
set_property FULL_PROBES.FILE {} [get_hw_devices xc7k325t_0]
set_property PROGRAM.FILE {C:/Users/Emerson/Documents/fpga/project_kintex_miner/project_1/project_1.runs/impl_1/top.bit} [get_hw_devices xc7k325t_0]
program_hw_devices [get_hw_devices xc7k325t_0]
INFO: [Labtools 27-3164] End of startup status: HIGH
program_hw_devices: Time (s): cpu = 00:01:05 ; elapsed = 00:01:06 . Memory (MB): peak = 1652.734 ; gain = 0.605
refresh_hw_device [lindex [get_hw_devices xc7k325t_0] 0]
INFO: [Labtools 27-1434] Device xc7k325t (JTAG device index = 0) is programmed with a design that has no supported debug core(s) in it.
WARNING: [Labtools 27-3361] The debug hub core was not detected.
Resolution: 
1. Make sure the clock connected to the debug hub (dbg_hub) core is a free running clock and is active.
2. Make sure the BSCAN_SWITCH_USER_MASK device property in Vivado Hardware Manager reflects the user scan chain setting in the design and refresh the device.  To determine the user scan chain setting in the design, open the implemented design and use 'get_property C_USER_SCAN_CHAIN [get_debug_cores dbg_hub]'.
For more details on setting the scan chain property, consult the Vivado Debug and Programming User Guide (UG908).
create_hw_cfgmem -hw_device [lindex [get_hw_devices] 0] -mem_dev [lindex [get_cfgmem_parts {s25fl256l-spi-x1_x2_x4}] 0]
WARNING: [Labtoolstcl 44-349] No config mems found
ERROR: [Labtools 27-2284] Part name cannot be empty
reset_run synth_1
launch_runs impl_1 -to_step write_bitstream -jobs 8
[Fri May 15 20:27:37 2026] Launched synth_1...
Run output will be captured here: C:/Users/Emerson/Documents/fpga/project_kintex_miner/project_1/project_1.runs/synth_1/runme.log
[Fri May 15 20:27:37 2026] Launched impl_1...
Run output will be captured here: C:/Users/Emerson/Documents/fpga/project_kintex_miner/project_1/project_1.runs/impl_1/runme.log
reset_run impl_1
reset_run synth_1
launch_runs impl_1 -to_step write_bitstream -jobs 8
[Fri May 15 21:08:46 2026] Launched synth_1...
Run output will be captured here: C:/Users/Emerson/Documents/fpga/project_kintex_miner/project_1/project_1.runs/synth_1/runme.log
[Fri May 15 21:08:46 2026] Launched impl_1...
Run output will be captured here: C:/Users/Emerson/Documents/fpga/project_kintex_miner/project_1/project_1.runs/impl_1/runme.log
set_property PROBES.FILE {} [get_hw_devices xc7k325t_0]
set_property FULL_PROBES.FILE {} [get_hw_devices xc7k325t_0]
set_property PROGRAM.FILE {C:/Users/Emerson/Documents/fpga/project_kintex_miner/project_1/project_1.runs/impl_1/top.bit} [get_hw_devices xc7k325t_0]
program_hw_devices [get_hw_devices xc7k325t_0]
INFO: [Labtools 27-3164] End of startup status: HIGH
program_hw_devices: Time (s): cpu = 00:01:12 ; elapsed = 00:01:16 . Memory (MB): peak = 1672.957 ; gain = 0.000
refresh_hw_device [lindex [get_hw_devices xc7k325t_0] 0]
INFO: [Labtools 27-1434] Device xc7k325t (JTAG device index = 0) is programmed with a design that has no supported debug core(s) in it.
WARNING: [Labtools 27-3361] The debug hub core was not detected.
Resolution: 
1. Make sure the clock connected to the debug hub (dbg_hub) core is a free running clock and is active.
2. Make sure the BSCAN_SWITCH_USER_MASK device property in Vivado Hardware Manager reflects the user scan chain setting in the design and refresh the device.  To determine the user scan chain setting in the design, open the implemented design and use 'get_property C_USER_SCAN_CHAIN [get_debug_cores dbg_hub]'.
For more details on setting the scan chain property, consult the Vivado Debug and Programming User Guide (UG908).
create_hw_cfgmem -hw_device [lindex [get_hw_devices] 0] -mem_dev [lindex [get_cfgmem_parts {s25fl256l-spi-x1_x2_x4}] 0]
WARNING: [Labtoolstcl 44-349] No config mems found
ERROR: [Labtools 27-2284] Part name cannot be empty
reset_run synth_1
launch_runs impl_1 -to_step write_bitstream -jobs 8
[Fri May 15 21:27:26 2026] Launched synth_1...
Run output will be captured here: C:/Users/Emerson/Documents/fpga/project_kintex_miner/project_1/project_1.runs/synth_1/runme.log
[Fri May 15 21:27:26 2026] Launched impl_1...
Run output will be captured here: C:/Users/Emerson/Documents/fpga/project_kintex_miner/project_1/project_1.runs/impl_1/runme.log
set_property PROBES.FILE {} [get_hw_devices xc7k325t_0]
set_property FULL_PROBES.FILE {} [get_hw_devices xc7k325t_0]
set_property PROGRAM.FILE {C:/Users/Emerson/Documents/fpga/project_kintex_miner/project_1/project_1.runs/impl_1/top.bit} [get_hw_devices xc7k325t_0]
program_hw_devices [get_hw_devices xc7k325t_0]
INFO: [Labtools 27-3164] End of startup status: HIGH
program_hw_devices: Time (s): cpu = 00:01:24 ; elapsed = 00:01:26 . Memory (MB): peak = 1676.352 ; gain = 0.000
refresh_hw_device [lindex [get_hw_devices xc7k325t_0] 0]
INFO: [Labtools 27-1434] Device xc7k325t (JTAG device index = 0) is programmed with a design that has no supported debug core(s) in it.
WARNING: [Labtools 27-3361] The debug hub core was not detected.
Resolution: 
1. Make sure the clock connected to the debug hub (dbg_hub) core is a free running clock and is active.
2. Make sure the BSCAN_SWITCH_USER_MASK device property in Vivado Hardware Manager reflects the user scan chain setting in the design and refresh the device.  To determine the user scan chain setting in the design, open the implemented design and use 'get_property C_USER_SCAN_CHAIN [get_debug_cores dbg_hub]'.
For more details on setting the scan chain property, consult the Vivado Debug and Programming User Guide (UG908).
create_hw_cfgmem -hw_device [lindex [get_hw_devices] 0] -mem_dev [lindex [get_cfgmem_parts {s25fl256l-spi-x1_x2_x4}] 0]
WARNING: [Labtoolstcl 44-349] No config mems found
ERROR: [Labtools 27-2284] Part name cannot be empty
reset_run synth_1
launch_runs impl_1 -to_step write_bitstream -jobs 8
[Fri May 15 22:06:55 2026] Launched synth_1...
Run output will be captured here: C:/Users/Emerson/Documents/fpga/project_kintex_miner/project_1/project_1.runs/synth_1/runme.log
[Fri May 15 22:06:55 2026] Launched impl_1...
Run output will be captured here: C:/Users/Emerson/Documents/fpga/project_kintex_miner/project_1/project_1.runs/impl_1/runme.log
update_compile_order -fileset sources_1
update_compile_order -fileset sources_1
reset_run synth_1
WARNING: [Vivado 12-1017] Problems encountered:
1. Couldn't access process for termination

update_compile_order -fileset sources_1
launch_runs impl_1 -to_step write_bitstream -jobs 8
[Fri May 15 22:21:02 2026] Launched synth_1...
Run output will be captured here: C:/Users/Emerson/Documents/fpga/project_kintex_miner/project_1/project_1.runs/synth_1/runme.log
[Fri May 15 22:21:02 2026] Launched impl_1...
Run output will be captured here: C:/Users/Emerson/Documents/fpga/project_kintex_miner/project_1/project_1.runs/impl_1/runme.log
set_property PROBES.FILE {} [get_hw_devices xc7k325t_0]
set_property FULL_PROBES.FILE {} [get_hw_devices xc7k325t_0]
set_property PROGRAM.FILE {C:/Users/Emerson/Documents/fpga/project_kintex_miner/project_1/project_1.runs/impl_1/top.bit} [get_hw_devices xc7k325t_0]
program_hw_devices [get_hw_devices xc7k325t_0]
INFO: [Labtools 27-3164] End of startup status: HIGH
program_hw_devices: Time (s): cpu = 00:01:19 ; elapsed = 00:01:22 . Memory (MB): peak = 1683.492 ; gain = 0.000
refresh_hw_device [lindex [get_hw_devices xc7k325t_0] 0]
INFO: [Labtools 27-1434] Device xc7k325t (JTAG device index = 0) is programmed with a design that has no supported debug core(s) in it.
WARNING: [Labtools 27-3361] The debug hub core was not detected.
Resolution: 
1. Make sure the clock connected to the debug hub (dbg_hub) core is a free running clock and is active.
2. Make sure the BSCAN_SWITCH_USER_MASK device property in Vivado Hardware Manager reflects the user scan chain setting in the design and refresh the device.  To determine the user scan chain setting in the design, open the implemented design and use 'get_property C_USER_SCAN_CHAIN [get_debug_cores dbg_hub]'.
For more details on setting the scan chain property, consult the Vivado Debug and Programming User Guide (UG908).
create_hw_cfgmem -hw_device [lindex [get_hw_devices] 0] -mem_dev [lindex [get_cfgmem_parts {s25fl256l-spi-x1_x2_x4}] 0]
WARNING: [Labtoolstcl 44-349] No config mems found
ERROR: [Labtools 27-2284] Part name cannot be empty
reset_run synth_1
launch_runs impl_1 -to_step write_bitstream -jobs 8
[Fri May 15 22:28:59 2026] Launched synth_1...
Run output will be captured here: C:/Users/Emerson/Documents/fpga/project_kintex_miner/project_1/project_1.runs/synth_1/runme.log
[Fri May 15 22:28:59 2026] Launched impl_1...
Run output will be captured here: C:/Users/Emerson/Documents/fpga/project_kintex_miner/project_1/project_1.runs/impl_1/runme.log
set_property PROBES.FILE {} [get_hw_devices xc7k325t_0]
set_property FULL_PROBES.FILE {} [get_hw_devices xc7k325t_0]
set_property PROGRAM.FILE {C:/Users/Emerson/Documents/fpga/project_kintex_miner/project_1/project_1.runs/impl_1/top.bit} [get_hw_devices xc7k325t_0]
program_hw_devices [get_hw_devices xc7k325t_0]
INFO: [Labtools 27-3164] End of startup status: HIGH
program_hw_devices: Time (s): cpu = 00:01:21 ; elapsed = 00:01:23 . Memory (MB): peak = 1692.559 ; gain = 0.000
refresh_hw_device [lindex [get_hw_devices xc7k325t_0] 0]
INFO: [Labtools 27-1434] Device xc7k325t (JTAG device index = 0) is programmed with a design that has no supported debug core(s) in it.
WARNING: [Labtools 27-3361] The debug hub core was not detected.
Resolution: 
1. Make sure the clock connected to the debug hub (dbg_hub) core is a free running clock and is active.
2. Make sure the BSCAN_SWITCH_USER_MASK device property in Vivado Hardware Manager reflects the user scan chain setting in the design and refresh the device.  To determine the user scan chain setting in the design, open the implemented design and use 'get_property C_USER_SCAN_CHAIN [get_debug_cores dbg_hub]'.
For more details on setting the scan chain property, consult the Vivado Debug and Programming User Guide (UG908).
create_hw_cfgmem -hw_device [lindex [get_hw_devices] 0] -mem_dev [lindex [get_cfgmem_parts {s25fl256l-spi-x1_x2_x4}] 0]
WARNING: [Labtoolstcl 44-349] No config mems found
ERROR: [Labtools 27-2284] Part name cannot be empty
reset_run synth_1
launch_runs impl_1 -to_step write_bitstream -jobs 8
[Fri May 15 22:52:18 2026] Launched synth_1...
Run output will be captured here: C:/Users/Emerson/Documents/fpga/project_kintex_miner/project_1/project_1.runs/synth_1/runme.log
[Fri May 15 22:52:18 2026] Launched impl_1...
Run output will be captured here: C:/Users/Emerson/Documents/fpga/project_kintex_miner/project_1/project_1.runs/impl_1/runme.log
set_property PROBES.FILE {} [get_hw_devices xc7k325t_0]
set_property FULL_PROBES.FILE {} [get_hw_devices xc7k325t_0]
set_property PROGRAM.FILE {C:/Users/Emerson/Documents/fpga/project_kintex_miner/project_1/project_1.runs/impl_1/top.bit} [get_hw_devices xc7k325t_0]
program_hw_devices [get_hw_devices xc7k325t_0]
INFO: [Labtools 27-3164] End of startup status: HIGH
program_hw_devices: Time (s): cpu = 00:01:21 ; elapsed = 00:01:23 . Memory (MB): peak = 1695.906 ; gain = 0.000
refresh_hw_device [lindex [get_hw_devices xc7k325t_0] 0]
INFO: [Labtools 27-1434] Device xc7k325t (JTAG device index = 0) is programmed with a design that has no supported debug core(s) in it.
WARNING: [Labtools 27-3361] The debug hub core was not detected.
Resolution: 
1. Make sure the clock connected to the debug hub (dbg_hub) core is a free running clock and is active.
2. Make sure the BSCAN_SWITCH_USER_MASK device property in Vivado Hardware Manager reflects the user scan chain setting in the design and refresh the device.  To determine the user scan chain setting in the design, open the implemented design and use 'get_property C_USER_SCAN_CHAIN [get_debug_cores dbg_hub]'.
For more details on setting the scan chain property, consult the Vivado Debug and Programming User Guide (UG908).
create_hw_cfgmem -hw_device [lindex [get_hw_devices] 0] -mem_dev [lindex [get_cfgmem_parts {s25fl256l-spi-x1_x2_x4}] 0]
WARNING: [Labtoolstcl 44-349] No config mems found
ERROR: [Labtools 27-2284] Part name cannot be empty
reset_run synth_1
launch_runs impl_1 -to_step write_bitstream -jobs 8
[Fri May 15 23:08:38 2026] Launched synth_1...
Run output will be captured here: C:/Users/Emerson/Documents/fpga/project_kintex_miner/project_1/project_1.runs/synth_1/runme.log
[Fri May 15 23:08:38 2026] Launched impl_1...
Run output will be captured here: C:/Users/Emerson/Documents/fpga/project_kintex_miner/project_1/project_1.runs/impl_1/runme.log
set_property PROBES.FILE {} [get_hw_devices xc7k325t_0]
set_property FULL_PROBES.FILE {} [get_hw_devices xc7k325t_0]
set_property PROGRAM.FILE {C:/Users/Emerson/Documents/fpga/project_kintex_miner/project_1/project_1.runs/impl_1/top.bit} [get_hw_devices xc7k325t_0]
program_hw_devices [get_hw_devices xc7k325t_0]
INFO: [Labtools 27-3164] End of startup status: HIGH
program_hw_devices: Time (s): cpu = 00:01:04 ; elapsed = 00:01:06 . Memory (MB): peak = 1698.227 ; gain = 0.000
refresh_hw_device [lindex [get_hw_devices xc7k325t_0] 0]
INFO: [Labtools 27-1434] Device xc7k325t (JTAG device index = 0) is programmed with a design that has no supported debug core(s) in it.
WARNING: [Labtools 27-3361] The debug hub core was not detected.
Resolution: 
1. Make sure the clock connected to the debug hub (dbg_hub) core is a free running clock and is active.
2. Make sure the BSCAN_SWITCH_USER_MASK device property in Vivado Hardware Manager reflects the user scan chain setting in the design and refresh the device.  To determine the user scan chain setting in the design, open the implemented design and use 'get_property C_USER_SCAN_CHAIN [get_debug_cores dbg_hub]'.
For more details on setting the scan chain property, consult the Vivado Debug and Programming User Guide (UG908).
create_hw_cfgmem -hw_device [lindex [get_hw_devices] 0] -mem_dev [lindex [get_cfgmem_parts {s25fl256l-spi-x1_x2_x4}] 0]
WARNING: [Labtoolstcl 44-349] No config mems found
ERROR: [Labtools 27-2284] Part name cannot be empty
exit
INFO: [Common 17-206] Exiting Vivado at Fri May 15 23:37:06 2026...
