#-----------------------------------------------------------
# Vivado v2018.2 (64-bit)
# SW Build 2258646 on Thu Jun 14 20:03:12 MDT 2018
# IP Build 2256618 on Thu Jun 14 22:10:49 MDT 2018
# Start of session at: Fri May 15 14:53:15 2026
# Process ID: 1492
# Current directory: C:/Users/Emerson/Documents/fpga/Test01_led_key/project_1
# Command line: vivado.exe -gui_launcher_event rodinguilauncherevent3052 C:\Users\Emerson\Documents\fpga\Test01_led_key\project_1\project_1.xpr
# Log file: C:/Users/Emerson/Documents/fpga/Test01_led_key/project_1/vivado.log
# Journal file: C:/Users/Emerson/Documents/fpga/Test01_led_key/project_1\vivado.jou
#-----------------------------------------------------------
start_gui
open_project C:/Users/Emerson/Documents/fpga/Test01_led_key/project_1/project_1.xpr
Scanning sources...
Finished scanning sources
INFO: [IP_Flow 19-234] Refreshing IP repositories
INFO: [IP_Flow 19-1704] No user IP repositories specified
INFO: [IP_Flow 19-2313] Loaded Vivado IP repository 'C:/Xilinx/Vivado/2018.2/data/ip'.
update_compile_order -fileset sources_1
open_hw
connect_hw_server
INFO: [Labtools 27-2285] Connecting to hw_server url TCP:localhost:3121
INFO: [Labtools 27-2222] Launching hw_server...
INFO: [Labtools 27-2221] Launch Output:

****** Xilinx hw_server v2018.2
  **** Build date : Jun 14 2018-20:42:52
    ** Copyright 1986-2018 Xilinx, Inc. All Rights Reserved.


open_hw_target -xvc_url localhost:2542
INFO: [Labtools 27-2285] Connecting to hw_server url TCP:localhost:3121
INFO: [Labtoolstcl 44-466] Opening hw_target localhost:3121/xilinx_tcf/Xilinx/localhost:2542
reset_run impl_1 -prev_step 
launch_runs impl_1 -to_step write_bitstream -jobs 8
[Fri May 15 14:54:00 2026] Launched impl_1...
Run output will be captured here: C:/Users/Emerson/Documents/fpga/Test01_led_key/project_1/project_1.runs/impl_1/runme.log
set_property PROBES.FILE {} [get_hw_devices xc7k325t_0]
set_property FULL_PROBES.FILE {} [get_hw_devices xc7k325t_0]
set_property PROGRAM.FILE {C:/Users/Emerson/Documents/fpga/Test01_led_key/project_1/project_1.runs/impl_1/led_top.bit} [get_hw_devices xc7k325t_0]
program_hw_devices [get_hw_devices xc7k325t_0]
INFO: [Labtools 27-3164] End of startup status: HIGH
program_hw_devices: Time (s): cpu = 00:01:17 ; elapsed = 00:01:17 . Memory (MB): peak = 1620.379 ; gain = 1.219
refresh_hw_device [lindex [get_hw_devices xc7k325t_0] 0]
INFO: [Labtools 27-1434] Device xc7k325t (JTAG device index = 0) is programmed with a design that has no supported debug core(s) in it.
WARNING: [Labtools 27-3361] The debug hub core was not detected.
Resolution: 
1. Make sure the clock connected to the debug hub (dbg_hub) core is a free running clock and is active.
2. Make sure the BSCAN_SWITCH_USER_MASK device property in Vivado Hardware Manager reflects the user scan chain setting in the design and refresh the device.  To determine the user scan chain setting in the design, open the implemented design and use 'get_property C_USER_SCAN_CHAIN [get_debug_cores dbg_hub]'.
For more details on setting the scan chain property, consult the Vivado Debug and Programming User Guide (UG908).
create_hw_cfgmem -hw_device [lindex [get_hw_devices] 0] -mem_dev [lindex [get_cfgmem_parts {s25fl256l-spi-x1_x2_x4}] 0]
WARNING: [Labtoolstcl 44-349] No config mems found
ERROR: [Labtools 27-2284] Part name cannot be empty
reset_run synth_1
launch_runs impl_1 -to_step write_bitstream -jobs 8
[Fri May 15 14:58:57 2026] Launched synth_1...
Run output will be captured here: C:/Users/Emerson/Documents/fpga/Test01_led_key/project_1/project_1.runs/synth_1/runme.log
[Fri May 15 14:58:57 2026] Launched impl_1...
Run output will be captured here: C:/Users/Emerson/Documents/fpga/Test01_led_key/project_1/project_1.runs/impl_1/runme.log
set_property PROBES.FILE {} [get_hw_devices xc7k325t_0]
set_property FULL_PROBES.FILE {} [get_hw_devices xc7k325t_0]
set_property PROGRAM.FILE {C:/Users/Emerson/Documents/fpga/Test01_led_key/project_1/project_1.runs/impl_1/led_top.bit} [get_hw_devices xc7k325t_0]
program_hw_devices [get_hw_devices xc7k325t_0]
INFO: [Labtools 27-3164] End of startup status: HIGH
program_hw_devices: Time (s): cpu = 00:01:17 ; elapsed = 00:01:16 . Memory (MB): peak = 1646.984 ; gain = 0.000
refresh_hw_device [lindex [get_hw_devices xc7k325t_0] 0]
INFO: [Labtools 27-1434] Device xc7k325t (JTAG device index = 0) is programmed with a design that has no supported debug core(s) in it.
WARNING: [Labtools 27-3361] The debug hub core was not detected.
Resolution: 
1. Make sure the clock connected to the debug hub (dbg_hub) core is a free running clock and is active.
2. Make sure the BSCAN_SWITCH_USER_MASK device property in Vivado Hardware Manager reflects the user scan chain setting in the design and refresh the device.  To determine the user scan chain setting in the design, open the implemented design and use 'get_property C_USER_SCAN_CHAIN [get_debug_cores dbg_hub]'.
For more details on setting the scan chain property, consult the Vivado Debug and Programming User Guide (UG908).
create_hw_cfgmem -hw_device [lindex [get_hw_devices] 0] -mem_dev [lindex [get_cfgmem_parts {s25fl256l-spi-x1_x2_x4}] 0]
WARNING: [Labtoolstcl 44-349] No config mems found
ERROR: [Labtools 27-2284] Part name cannot be empty
exit
INFO: [Common 17-206] Exiting Vivado at Fri May 15 15:04:42 2026...
