#-----------------------------------------------------------
# Vivado v2018.2 (64-bit)
# SW Build 2258646 on Thu Jun 14 20:03:12 MDT 2018
# IP Build 2256618 on Thu Jun 14 22:10:49 MDT 2018
# Start of session at: Fri May 15 14:45:01 2026
# Process ID: 14628
# Current directory: C:/Users/Emerson/Documents/fpga/Test01_led_key/project_1
# Command line: vivado.exe -gui_launcher_event rodinguilauncherevent6552 C:\Users\Emerson\Documents\fpga\Test01_led_key\project_1\project_1.xpr
# Log file: C:/Users/Emerson/Documents/fpga/Test01_led_key/project_1/vivado.log
# Journal file: C:/Users/Emerson/Documents/fpga/Test01_led_key/project_1\vivado.jou
#-----------------------------------------------------------
start_gui
open_project C:/Users/Emerson/Documents/fpga/Test01_led_key/project_1/project_1.xpr
update_compile_order -fileset sources_1
open_hw
connect_hw_server
open_hw_target -xvc_url localhost:2542
open_hw_target -xvc_url localhost:2542
open_hw_target -xvc_url localhost:2542
open_hw_target -xvc_url localhost:2542
